[    0.000000] Linux version 4.15.0-212-generic (buildd@lcy02-amd64-083) (gcc version 7.5.0 (Ubuntu 7.5.0-3ubuntu1~18.04)) #223-Ubuntu SMP Tue May 23 13:09:22 UTC 2023 (Ubuntu 4.15.0-212.223-generic 4.15.18)
[    0.000000] Command line: BOOT_IMAGE=/boot/vmlinuz-4.15.0-212-generic root=LABEL=cloudimg-rootfs ro console=tty1 console=ttyS0
[    0.000000] KERNEL supported cpus:
[    0.000000]   Intel GenuineIntel
[    0.000000]   AMD AuthenticAMD
[    0.000000]   Centaur CentaurHauls
[    0.000000] x86/fpu: x87 FPU will use FXSAVE
[    0.000000] e820: BIOS-provided physical RAM map:
[    0.000000] BIOS-e820: [mem 0x0000000000000000-0x000000000009fbff] usable
[    0.000000] BIOS-e820: [mem 0x000000000009fc00-0x000000000009ffff] reserved
[    0.000000] BIOS-e820: [mem 0x00000000000f0000-0x00000000000fffff] reserved
[    0.000000] BIOS-e820: [mem 0x0000000000100000-0x000000001ffeffff] usable
[    0.000000] BIOS-e820: [mem 0x000000001fff0000-0x000000001fffffff] ACPI data
[    0.000000] BIOS-e820: [mem 0x00000000fec00000-0x00000000fec00fff] reserved
[    0.000000] BIOS-e820: [mem 0x00000000fee00000-0x00000000fee00fff] reserved
[    0.000000] BIOS-e820: [mem 0x00000000fffc0000-0x00000000ffffffff] reserved
[    0.000000] NX (Execute Disable) protection: active
[    0.000000] SMBIOS 2.5 present.
[    0.000000] DMI: innotek GmbH VirtualBox/VirtualBox, BIOS VirtualBox 12/01/2006
[    0.000000] Hypervisor detected: KVM
[    0.000000] e820: last_pfn = 0x1fff0 max_arch_pfn = 0x400000000
[    0.000000] x86/PAT: Configuration [0-7]: WB  WC  UC- UC  WB  WP  UC- WT  
[    0.000000] CPU MTRRs all blank - virtualized system.
[    0.000000] found SMP MP-table at [mem 0x0009fbf0-0x0009fbff]
[    0.000000] Scanning 1 areas for low memory corruption
[    0.000000] RAMDISK: [mem 0x1db01000-0x1ee12fff]
[    0.000000] ACPI: Early table checksum verification disabled
[    0.000000] ACPI: RSDP 0x00000000000E0000 000024 (v02 VBOX  )
[    0.000000] ACPI: XSDT 0x000000001FFF0030 00003C (v01 VBOX   VBOXXSDT 00000001 ASL  00000061)
[    0.000000] ACPI: FACP 0x000000001FFF00F0 0000F4 (v04 VBOX   VBOXFACP 00000001 ASL  00000061)
[    0.000000] ACPI: DSDT 0x000000001FFF0610 002353 (v02 VBOX   VBOXBIOS 00000002 INTL 20100528)
[    0.000000] ACPI: FACS 0x000000001FFF0200 000040
[    0.000000] ACPI: FACS 0x000000001FFF0200 000040
[    0.000000] ACPI: APIC 0x000000001FFF0240 000054 (v02 VBOX   VBOXAPIC 00000001 ASL  00000061)
[    0.000000] ACPI: SSDT 0x000000001FFF02A0 00036C (v01 VBOX   VBOXCPUT 00000002 INTL 20100528)
[    0.000000] ACPI: Reserving FACP table memory at [mem 0x1fff00f0-0x1fff01e3]
[    0.000000] ACPI: Reserving DSDT table memory at [mem 0x1fff0610-0x1fff2962]
[    0.000000] ACPI: Reserving FACS table memory at [mem 0x1fff0200-0x1fff023f]
[    0.000000] ACPI: Reserving FACS table memory at [mem 0x1fff0200-0x1fff023f]
[    0.000000] ACPI: Reserving APIC table memory at [mem 0x1fff0240-0x1fff0293]
[    0.000000] ACPI: Reserving SSDT table memory at [mem 0x1fff02a0-0x1fff060b]
[    0.000000] No NUMA configuration found
[    0.000000] Faking a node at [mem 0x0000000000000000-0x000000001ffeffff]
[    0.000000] NODE_DATA(0) allocated [mem 0x1ffc5000-0x1ffeffff]
[    0.000000] kvm-clock: cpu 0, msr 0:1ff44001, primary cpu clock
[    0.000000] kvm-clock: Using msrs 4b564d01 and 4b564d00
[    0.000000] kvm-clock: using sched offset of 3836288754 cycles
[    0.000000] clocksource: kvm-clock: mask: 0xffffffffffffffff max_cycles: 0x1cd42e4dffb, max_idle_ns: 881590591483 ns
[    0.000000] Zone ranges:
[    0.000000]   DMA      [mem 0x0000000000001000-0x0000000000ffffff]
[    0.000000]   DMA32    [mem 0x0000000001000000-0x000000001ffeffff]
[    0.000000]   Normal   empty
[    0.000000]   Device   empty
[    0.000000] Movable zone start for each node
[    0.000000] Early memory node ranges
[    0.000000]   node   0: [mem 0x0000000000001000-0x000000000009efff]
[    0.000000]   node   0: [mem 0x0000000000100000-0x000000001ffeffff]
[    0.000000] Reserved but unavailable: 104 pages
[    0.000000] Initmem setup node 0 [mem 0x0000000000001000-0x000000001ffeffff]
[    0.000000] ACPI: PM-Timer IO Port: 0x4008
[    0.000000] IOAPIC[0]: apic_id 1, version 32, address 0xfec00000, GSI 0-23
[    0.000000] ACPI: INT_SRC_OVR (bus 0 bus_irq 0 global_irq 2 dfl dfl)
[    0.000000] ACPI: INT_SRC_OVR (bus 0 bus_irq 9 global_irq 9 low level)
[    0.000000] Using ACPI (MADT) for SMP configuration information
[    0.000000] smpboot: Allowing 1 CPUs, 0 hotplug CPUs
[    0.000000] PM: Registered nosave memory: [mem 0x00000000-0x00000fff]
[    0.000000] PM: Registered nosave memory: [mem 0x0009f000-0x0009ffff]
[    0.000000] PM: Registered nosave memory: [mem 0x000a0000-0x000effff]
[    0.000000] PM: Registered nosave memory: [mem 0x000f0000-0x000fffff]
[    0.000000] e820: [mem 0x20000000-0xfebfffff] available for PCI devices
[    0.000000] Booting paravirtualized kernel on KVM
[    0.000000] clocksource: refined-jiffies: mask: 0xffffffff max_cycles: 0xffffffff, max_idle_ns: 7645519600211568 ns
[    0.000000] setup_percpu: NR_CPUS:8192 nr_cpumask_bits:1 nr_cpu_ids:1 nr_node_ids:1
[    0.000000] percpu: Embedded 50 pages/cpu s167936 r8192 d28672 u2097152
[    0.000000] PV qspinlock hash table entries: 256 (order: 0, 4096 bytes)
[    0.000000] Built 1 zonelists, mobility grouping on.  Total pages: 128889
[    0.000000] Policy zone: DMA32
[    0.000000] Kernel command line: BOOT_IMAGE=/boot/vmlinuz-4.15.0-212-generic root=LABEL=cloudimg-rootfs ro console=tty1 console=ttyS0
[    0.000000] Memory: 466748K/523832K available (12300K kernel code, 2477K rwdata, 4324K rodata, 2480K init, 2720K bss, 57084K reserved, 0K cma-reserved)
[    0.000000] SLUB: HWalign=64, Order=0-3, MinObjects=0, CPUs=1, Nodes=1
[    0.000000] ftrace: allocating 39508 entries in 155 pages
[    0.004000] Hierarchical RCU implementation.
[    0.004000] 	RCU restricting CPUs from NR_CPUS=8192 to nr_cpu_ids=1.
[    0.004000] 	Tasks RCU enabled.
[    0.004000] RCU: Adjusting geometry for rcu_fanout_leaf=16, nr_cpu_ids=1
[    0.004000] NR_IRQS: 524544, nr_irqs: 256, preallocated irqs: 16
[    0.004000] random: crng init done
[    0.004000] Console: colour VGA+ 80x25
[    0.004000] console [tty1] enabled
[    0.004000] console [ttyS0] enabled
[    0.004000] ACPI: Core revision 20170831
[    0.004000] ACPI: 2 ACPI AML tables successfully acquired and loaded
[    0.004000] APIC: Switch to symmetric I/O mode setup
[    0.004000] ..TIMER: vector=0x30 apic1=0 pin1=2 apic2=-1 pin2=-1
[    0.004005] tsc: Detected 2995.200 MHz processor
[    0.008010] Calibrating delay loop (skipped) preset value.. 5990.40 BogoMIPS (lpj=11980800)
[    0.012003] pid_max: default: 32768 minimum: 301
[    0.016025] Security Framework initialized
[    0.020002] Yama: becoming mindful.
[    0.024015] AppArmor: AppArmor initialized
[    0.026835] Dentry cache hash table entries: 65536 (order: 7, 524288 bytes)
[    0.028034] Inode-cache hash table entries: 32768 (order: 6, 262144 bytes)
[    0.032010] Mount-cache hash table entries: 1024 (order: 1, 8192 bytes)
[    0.036005] Mountpoint-cache hash table entries: 1024 (order: 1, 8192 bytes)
[    0.041585] Last level iTLB entries: 4KB 0, 2MB 0, 4MB 0
[    0.044002] Last level dTLB entries: 4KB 0, 2MB 0, 4MB 0, 1GB 0
[    0.048003] Spectre V1 : Mitigation: usercopy/swapgs barriers and __user pointer sanitization
[    0.052004] Spectre V2 : Mitigation: Enhanced IBRS
[    0.056003] Spectre V2 : Spectre v2 / SpectreRSB mitigation: Filling RSB on context switch
[    0.064002] Spectre V2 : Spectre v2 / PBRSB-eIBRS: Retire a single CALL on VMEXIT
[    0.068002] RETBleed: Mitigation: Enhanced IBRS
[    0.072003] Speculative Store Bypass: Vulnerable
[    0.084000] Freeing SMP alternatives memory: 36K
[    0.198396] APIC calibration not consistent with PM-Timer: 105ms instead of 100ms
[    0.200000] APIC delta adjusted to PM-Timer: 6350351 (6701635)
[    0.200366] smpboot: CPU0: 11th Gen Intel(R) Core(TM) i3-1115G4 @ 3.00GHz (family: 0x6, model: 0x8c, stepping: 0x1)
[    0.204077] Performance Events: unsupported p6 CPU model 140 no PMU driver, software events only.
[    0.208055] Hierarchical SRCU implementation.
[    0.212631] NMI watchdog: Perf event create on CPU 0 failed with -2
[    0.216010] NMI watchdog: Perf NMI watchdog permanently disabled
[    0.220081] smp: Bringing up secondary CPUs ...
[    0.224008] smp: Brought up 1 node, 1 CPU
[    0.228005] smpboot: Max logical packages: 1
[    0.231345] smpboot: Total of 1 processors activated (5990.40 BogoMIPS)
[    0.232199] devtmpfs: initialized
[    0.236091] x86/mm: Memory block size: 128MB
[    0.240251] evm: security.selinux
[    0.248010] evm: security.SMACK64
[    0.251096] evm: security.SMACK64EXEC
[    0.252005] evm: security.SMACK64TRANSMUTE
[    0.256004] evm: security.SMACK64MMAP
[    0.260005] evm: security.apparmor
[    0.264005] evm: security.ima
[    0.266472] evm: security.capability
[    0.268242] clocksource: jiffies: mask: 0xffffffff max_cycles: 0xffffffff, max_idle_ns: 7645041785100000 ns
[    0.272014] futex hash table entries: 256 (order: 2, 16384 bytes)
[    0.276050] pinctrl core: initialized pinctrl subsystem
[    0.280337] RTC time: 15:40:06, date: 11/05/24
[    0.284132] NET: Registered protocol family 16
[    0.288056] audit: initializing netlink subsys (disabled)
[    0.292115] cpuidle: using governor ladder
[    0.294582] cpuidle: using governor menu
[    0.296008] audit: type=2000 audit(1730821211.658:1): state=initialized audit_enabled=0 res=1
[    0.300041] ACPI: bus type PCI registered
[    0.304003] acpiphp: ACPI Hot Plug PCI Controller Driver version: 0.5
[    0.308278] PCI: Using configuration type 1 for base access
[    0.312867] HugeTLB registered 2.00 MiB page size, pre-allocated 0 pages
[    0.316144] ACPI: Added _OSI(Module Device)
[    0.320012] ACPI: Added _OSI(Processor Device)
[    0.322693] ACPI: Added _OSI(3.0 _SCP Extensions)
[    0.324008] ACPI: Added _OSI(Processor Aggregator Device)
[    0.328015] ACPI: Added _OSI(Linux-Dell-Video)
[    0.332018] ACPI: Added _OSI(Linux-Lenovo-NV-HDMI-Audio)
[    0.336005] ACPI: Added _OSI(Linux-HPI-Hybrid-Graphics)
[    0.340575] ACPI: Executed 1 blocks of module-level executable AML code
[    0.347645] ACPI: Interpreter enabled
[    0.348016] ACPI: (supports S0 S5)
[    0.352003] ACPI: Using IOAPIC for interrupt routing
[    0.356516] PCI: Using host bridge windows from ACPI; if necessary, use "pci=nocrs" and report a bug
[    0.360237] ACPI: Enabled 2 GPEs in block 00 to 07
[    0.376615] ACPI: PCI Root Bridge [PCI0] (domain 0000 [bus 00-ff])
[    0.380008] acpi PNP0A03:00: _OSC: OS supports [ASPM ClockPM Segments MSI]
[    0.388289] acpi PNP0A03:00: _OSC: not requesting OS control; OS requires [ExtendedConfig ASPM ClockPM MSI]
[    0.392018] acpi PNP0A03:00: fail to add MMCONFIG information, can't access extended PCI configuration space under this bridge.
[    0.396723] PCI host bridge to bus 0000:00
[    0.400005] pci_bus 0000:00: root bus resource [io  0x0000-0x0cf7 window]
[    0.404004] pci_bus 0000:00: root bus resource [io  0x0d00-0xffff window]
[    0.408003] pci_bus 0000:00: root bus resource [mem 0x000a0000-0x000bffff window]
[    0.412004] pci_bus 0000:00: root bus resource [mem 0x20000000-0xfdffffff window]
[    0.416003] pci_bus 0000:00: root bus resource [bus 00-ff]
[    0.428583] pci 0000:00:01.1: legacy IDE quirk: reg 0x10: [io  0x01f0-0x01f7]
[    0.432003] pci 0000:00:01.1: legacy IDE quirk: reg 0x14: [io  0x03f6]
[    0.436009] pci 0000:00:01.1: legacy IDE quirk: reg 0x18: [io  0x0170-0x0177]
[    0.440006] pci 0000:00:01.1: legacy IDE quirk: reg 0x1c: [io  0x0376]
[    0.463435] pci 0000:00:07.0: quirk: [io  0x4000-0x403f] claimed by PIIX4 ACPI
[    0.464042] pci 0000:00:07.0: quirk: [io  0x4100-0x410f] claimed by PIIX4 SMB
[    0.479602] ACPI: PCI Interrupt Link [LNKA] (IRQs 5 9 10 *11)
[    0.484535] ACPI: PCI Interrupt Link [LNKB] (IRQs 5 9 *10 11)
[    0.488188] ACPI: PCI Interrupt Link [LNKC] (IRQs 5 *9 10 11)
[    0.492169] ACPI: PCI Interrupt Link [LNKD] (IRQs 5 9 10 *11)
[    0.496390] SCSI subsystem initialized
[    0.500133] pci 0000:00:02.0: vgaarb: setting as boot VGA device
[    0.504000] pci 0000:00:02.0: vgaarb: VGA device added: decodes=io+mem,owns=io+mem,locks=none
[    0.504072] pci 0000:00:02.0: vgaarb: bridge control possible
[    0.508006] vgaarb: loaded
[    0.510931] ACPI: bus type USB registered
[    0.512061] usbcore: registered new interface driver usbfs
[    0.516040] usbcore: registered new interface driver hub
[    0.520037] usbcore: registered new device driver usb
[    0.524168] EDAC MC: Ver: 3.0.0
[    0.528768] PCI: Using ACPI for IRQ routing
[    0.532939] NetLabel: Initializing
[    0.536005] NetLabel:  domain hash size = 128
[    0.540003] NetLabel:  protocols = UNLABELED CIPSOv4 CALIPSO
[    0.544068] NetLabel:  unlabeled traffic allowed by default
[    0.548383] clocksource: Switched to clocksource kvm-clock
[    0.590235] VFS: Disk quotas dquot_6.6.0
[    0.595484] VFS: Dquot-cache hash table entries: 512 (order 0, 4096 bytes)
[    0.601513] AppArmor: AppArmor Filesystem Enabled
[    0.606455] pnp: PnP ACPI init
[    0.611457] pnp: PnP ACPI: found 3 devices
[    0.623945] clocksource: acpi_pm: mask: 0xffffff max_cycles: 0xffffff, max_idle_ns: 2085701024 ns
[    0.631869] NET: Registered protocol family 2
[    0.635837] IP idents hash table entries: 8192 (order: 4, 65536 bytes)
[    0.642726] TCP established hash table entries: 4096 (order: 3, 32768 bytes)
[    0.648793] TCP bind hash table entries: 4096 (order: 4, 65536 bytes)
[    0.653754] TCP: Hash tables configured (established 4096 bind 4096)
[    0.658707] UDP hash table entries: 256 (order: 1, 8192 bytes)
[    0.663139] UDP-Lite hash table entries: 256 (order: 1, 8192 bytes)
[    0.668172] NET: Registered protocol family 1
[    0.672345] pci 0000:00:00.0: Limiting direct PCI/PCI transfers
[    0.677212] pci 0000:00:01.0: Activating ISA DMA hang workarounds
[    0.683207] pci 0000:00:02.0: Video device with shadowed ROM at [mem 0x000c0000-0x000dffff]
[    0.690578] Unpacking initramfs...
[    1.139707] Freeing initrd memory: 19528K
[    1.144290] clocksource: tsc: mask: 0xffffffffffffffff max_cycles: 0x2b2c8ec87c7, max_idle_ns: 440795278598 ns
[    1.153003] platform rtc_cmos: registered platform RTC device (no PNP device found)
[    1.160124] Scanning for low memory corruption every 60 seconds
[    1.164009] Initialise system trusted keyrings
[    1.169418] Key type blacklist registered
[    1.173155] workingset: timestamp_bits=36 max_order=17 bucket_order=0
[    1.178953] zbud: loaded
[    1.181777] squashfs: version 4.0 (2009/01/31) Phillip Lougher
[    1.187884] fuse init (API version 7.26)
[    1.192180] Key type asymmetric registered
[    1.194908] Asymmetric key parser 'x509' registered
[    1.198566] Block layer SCSI generic (bsg) driver version 0.4 loaded (major 246)
[    1.204226] io scheduler noop registered
[    1.206717] io scheduler deadline registered
[    1.209701] io scheduler cfq registered (default)
[    1.213318] ACPI: AC Adapter [AC] (on-line)
[    1.215990] input: Power Button as /devices/LNXSYSTM:00/LNXPWRBN:00/input/input0
[    1.220627] ACPI: Power Button [PWRF]
[    1.223030] input: Sleep Button as /devices/LNXSYSTM:00/LNXSLPBN:00/input/input1
[    1.227852] ACPI: Sleep Button [SLPF]
[    1.233096] ACPI: Battery Slot [BAT0] (battery present)
[    1.236581] Serial: 8250/16550 driver, 32 ports, IRQ sharing enabled
[    1.267173] 00:02: ttyS0 at I/O 0x3f8 (irq = 4, base_baud = 115200) is a 16550A
[    1.275640] Linux agpgart interface v0.103
[    1.280480] loop: module loaded
[    1.284681] scsi host0: ata_piix
[    1.286795] scsi host1: ata_piix
[    1.289037] ata1: PATA max UDMA/33 cmd 0x1f0 ctl 0x3f6 bmdma 0xd000 irq 14
[    1.293351] ata2: PATA max UDMA/33 cmd 0x170 ctl 0x376 bmdma 0xd008 irq 15
[    1.298929] tun: Universal TUN/TAP device driver, 1.6
[    1.302525] PPP generic driver version 2.4.2
[    1.306543] ehci_hcd: USB 2.0 'Enhanced' Host Controller (EHCI) Driver
[    1.310974] ehci-pci: EHCI PCI platform driver
[    1.313855] ehci-platform: EHCI generic platform driver
[    1.317245] ohci_hcd: USB 1.1 'Open' Host Controller (OHCI) Driver
[    1.321217] ohci-pci: OHCI PCI platform driver
[    1.324025] ohci-platform: OHCI generic platform driver
[    1.327307] uhci_hcd: USB Universal Host Controller Interface driver
[    1.331476] i8042: PNP: PS/2 Controller [PNP0303:PS2K,PNP0f03:PS2M] at 0x60,0x64 irq 1,12
[    1.338920] serio: i8042 KBD port at 0x60,0x64 irq 1
[    1.342690] serio: i8042 AUX port at 0x60,0x64 irq 12
[    1.346539] mousedev: PS/2 mouse device common for all mice
[    1.350938] input: AT Translated Set 2 keyboard as /devices/platform/i8042/serio0/input/input2
[    1.357216] rtc_cmos rtc_cmos: rtc core: registered rtc_cmos as rtc0
[    1.361944] rtc_cmos rtc_cmos: alarms up to one day, 114 bytes nvram
[    1.366043] i2c /dev entries driver
[    1.368489] device-mapper: uevent: version 1.0.3
[    1.372527] device-mapper: ioctl: 4.37.0-ioctl (2017-09-20) initialised: dm-devel@redhat.com
[    1.377711] ledtrig-cpu: registered to indicate activity on CPUs
[    1.381775] NET: Registered protocol family 10
[    1.388259] Segment Routing with IPv6
[    1.390749] NET: Registered protocol family 17
[    1.394253] Key type dns_resolver registered
[    1.398380] mce: Using 0 MCE banks
[    1.401369] RAS: Correctable Errors collector initialized.
[    1.405602] sched_clock: Marking stable (1405516257, 0)->(1962373175, -556856918)
[    1.411455] registered taskstats version 1
[    1.415074] Loading compiled-in X.509 certificates
[    1.421760] Loaded X.509 cert 'Build time autogenerated kernel key: b5b26778eaa3ab3a4a6cee031137706e947d12ad'
[    1.430011] Loaded X.509 cert 'Canonical Ltd. Live Patch Signing: 14df34d1a87cf37625abec039ef2bf521249b969'
[    1.439503] Loaded X.509 cert 'Canonical Ltd. Kernel Module Signing: 88f752e560a1e0737e31163a466ad7b70a850c19'
[    1.446572] blacklist: Loading compiled-in revocation X.509 certificates
[    1.451298] Loaded X.509 cert 'Canonical Ltd. Secure Boot Signing: 61482aa2830d0ab2ad5af10b7250da9033ddcef0'
[    1.508469] Loaded X.509 cert 'Canonical Ltd. Secure Boot Signing (2017): 242ade75ac4a15e50d50c84b0d45ff3eae707a03'
[    1.515652] Loaded X.509 cert 'Canonical Ltd. Secure Boot Signing (ESM 2018): 365188c1d374d6b07c3c8f240f8ef722433d6a8b'
[    1.523582] Loaded X.509 cert 'Canonical Ltd. Secure Boot Signing (2019): c0746fd6c5da3ae827864651ad66ae47fe24b3e8'
[    1.532083] Loaded X.509 cert 'Canonical Ltd. Secure Boot Signing (2021 v1): a8d54bbb3825cfb94fa13c9f8a594a195c107b8d'
[    1.540692] Loaded X.509 cert 'Canonical Ltd. Secure Boot Signing (2021 v2): 4cf046892d6fd3c9a5b03f98d845f90851dc6a8c'
[    1.549264] Loaded X.509 cert 'Canonical Ltd. Secure Boot Signing (2021 v3): 100437bb6de6e469b581e61cd66bce3ef4ed53af'
[    1.558041] Loaded X.509 cert 'Canonical Ltd. Secure Boot Signing (Ubuntu Core 2019): c1d57b8f6b743f23ee41f4f7ee292f06eecadfb9'
[    1.565558] zswap: loaded using pool lzo/zbud
[    1.571476] Key type big_key registered
[    1.573971] Key type trusted registered
[    1.577733] Key type encrypted registered
[    1.580511] AppArmor: AppArmor sha1 policy hashing enabled
[    1.583879] ima: No TPM chip found, activating TPM-bypass! (rc=-19)
[    1.587735] ima: Allocated hash algorithm: sha1
[    1.590704] evm: HMAC attrs: 0x1
[    1.593556]   Magic number: 0:131:689
[    1.596195] rtc_cmos rtc_cmos: setting system clock to 2024-11-05 15:40:07 UTC (1730821207)
[    1.602973] BIOS EDD facility v0.16 2004-Jun-25, 0 devices found
[    1.606776] EDD information not available.
[    1.612715] Freeing unused kernel image memory: 2480K
[    1.621043] Write protecting the kernel read-only data: 20480k
[    1.626521] Freeing unused kernel image memory: 2008K
[    1.630983] Freeing unused kernel image memory: 1820K
[    1.637551] x86/mm: Checked W+X mappings: passed, no W+X pages found.
Loading, please wait...
starting version 237
[    1.718926] e1000: Intel(R) PRO/1000 Network Driver - version 7.3.21-k8-NAPI
[    1.724669] e1000: Copyright (c) 1999-2006 Intel Corporation.
[    1.731037] Fusion MPT base driver 3.04.20
[    1.734864] Copyright (c) 1999-2008 LSI Corporation
[    1.759979] SSE version of gcm_enc/dec engaged.
[    1.789594] Fusion MPT SPI Host driver 3.04.20
[    1.975651] input: ImExPS/2 Generic Explorer Mouse as /devices/platform/i8042/serio1/input/input4
[    2.419329] e1000 0000:00:03.0 eth0: (PCI:33MHz:32-bit) 02:3b:7b:b7:3b:2d
[    2.427695] e1000 0000:00:03.0 eth0: Intel(R) PRO/1000 Network Connection
[    2.434761] mptbase: ioc0: Initiating bringup
[    2.552741] ioc0: LSI53C1030 A0: Capabilities={Initiator}
[    2.818310] scsi host2: ioc0: LSI53C1030 A0, FwRev=00000000h, Ports=1, MaxQ=256, IRQ=20
[    2.993576] scsi 2:0:0:0: Direct-Access     VBOX     HARDDISK         1.0  PQ: 0 ANSI: 5
[    3.001623] scsi target2:0:0: Beginning Domain Validation
[    3.009515] scsi target2:0:0: Domain Validation skipping write tests
[    3.013757] scsi target2:0:0: Ending Domain Validation
[    3.017520] scsi target2:0:0: asynchronous
[    3.022587] scsi 2:0:1:0: Direct-Access     VBOX     HARDDISK         1.0  PQ: 0 ANSI: 5
[    3.028228] scsi target2:0:1: Beginning Domain Validation
[    3.061033] scsi target2:0:1: Domain Validation skipping write tests
[    3.066580] scsi target2:0:1: Ending Domain Validation
[    3.085663] scsi target2:0:1: asynchronous
[    3.172742] sd 2:0:0:0: Attached scsi generic sg0 type 0
[    3.177392] sd 2:0:0:0: [sda] 83886080 512-byte logical blocks: (42.9 GB/40.0 GiB)
[    3.193118] sd 2:0:1:0: [sdb] 20480 512-byte logical blocks: (10.5 MB/10.0 MiB)
[    3.200255] sd 2:0:1:0: Attached scsi generic sg1 type 0
[    3.203705] sd 2:0:0:0: [sda] Write Protect is off
[    3.214176] sd 2:0:1:0: [sdb] Write Protect is off
[    3.224818] sd 2:0:0:0: [sda] Incomplete mode parameter data
[    3.228478] sd 2:0:0:0: [sda] Assuming drive cache: write through
[    3.232598] sd 2:0:1:0: [sdb] Incomplete mode parameter data
[    3.236360] sd 2:0:1:0: [sdb] Assuming drive cache: write through
[    3.255868]  sda: sda1
[    3.261320] sd 2:0:1:0: [sdb] Attached SCSI disk
[    3.283308] sd 2:0:0:0: [sda] Attached SCSI disk
[    3.689825] e1000 0000:00:08.0 eth1: (PCI:33MHz:32-bit) 08:00:27:57:ab:8c
[    3.695366] e1000 0000:00:08.0 eth1: Intel(R) PRO/1000 Network Connection
[    3.701065] e1000 0000:00:08.0 enp0s8: renamed from eth1
[    3.712074] e1000 0000:00:03.0 enp0s3: renamed from eth0
Begin: Loading essential drivers ... [    5.352116] raid6: sse2x1   gen() 10906 MB/s
[    5.404300] raid6: sse2x1   xor()  6230 MB/s
[    5.456059] raid6: sse2x2   gen() 17176 MB/s
[    5.508105] raid6: sse2x2   xor() 12756 MB/s
[    5.560275] raid6: sse2x4   gen() 20897 MB/s
[    5.632638] raid6: sse2x4   xor() 14529 MB/s
[    5.636116] raid6: using algorithm sse2x4 gen() 20897 MB/s
[    5.640430] raid6: .... xor() 14529 MB/s, rmw enabled
[    5.644679] raid6: using ssse3x2 recovery algorithm
[    5.650583] xor: measuring software checksum speed
[    5.756051]    prefetch64-sse: 58189.000 MB/sec
[    5.857618]    generic_sse: 55448.000 MB/sec
[    5.861569] xor: using function: prefetch64-sse (58189.000 MB/sec)
[    5.866646] async_tx: api initialized (async)
done.
Begin: Running /scripts/init-premount ... done.
Begin: Mounting root file system ... Begin: Running /scripts/local-top ... done.
Begin: Running /scripts/local-premount ... [    5.920077] Btrfs loaded, crc32c=crc32c-intel
Scanning for Btrfs filesystems
done.
Warning: fsck not present, so skipping root file system
[    5.969884] EXT4-fs (sda1): mounted filesystem with ordered data mode. Opts: (null)
done.
Begin: Running /scripts/local-bottom ... done.
Begin: Running /scripts/init-bottom ... done.
[    6.191964] ip_tables: (C) 2000-2006 Netfilter Core Team
[    6.211160] systemd[1]: systemd 237 running in system mode. (+PAM +AUDIT +SELINUX +IMA +APPARMOR +SMACK +SYSVINIT +UTMP +LIBCRYPTSETUP +GCRYPT +GNUTLS +ACL +XZ +LZ4 +SECCOMP +BLKID +ELFUTILS +KMOD -IDN2 +IDN -PCRE2 default-hierarchy=hybrid)
[    6.226201] systemd[1]: Detected virtualization oracle.
[    6.230335] systemd[1]: Detected architecture x86-64.

Welcome to [1mUbuntu 18.04.6 LTS[0m!

[    6.239067] systemd[1]: Set hostname to <ubuntu>.
[    6.249569] systemd[1]: Initializing machine ID from random generator.
[    6.255381] systemd[1]: Installed transient /etc/machine-id file.
[    6.602952] systemd[1]: Reached target System Time Synchronized.
[[0;32m  OK  [0m] Reached target System Time Synchronized.
[    6.610556] systemd[1]: Created slice System Slice.
[[0;32m  OK  [0m] Created slice System Slice.
[    6.616527] systemd[1]: Listening on Syslog Socket.
[[0;32m  OK  [0m] Listening on Syslog Socket.
[    6.622769] systemd[1]: Listening on Journal Socket (/dev/log).
[[0;32m  OK  [0m] Listening on Journal Socket (/dev/log).
[[0;32m  OK  [0m] Listening on /dev/initctl Compatibility Named Pipe.
[[0;32m  OK  [0m] Created slice system-serial\x2dgetty.slice.
[[0;32m  OK  [0m] Listening on LVM2 poll daemon socket.
[[0;32m  OK  [0m] Listening on Journal Audit Socket.
[[0;32m  OK  [0m] Listening on udev Control Socket.
[[0;32m  OK  [0m] Listening on udev Kernel Socket.
[[0;32m  OK  [0m] Reached target Swap.
[[0;32m  OK  [0m] Reached target User and Group Name Lookups.
[[0;32m  OK  [0m] Listening on LVM2 metadata daemon socket.
[[0;32m  OK  [0m] Listening on Network Service Netlink Socket.
[[0;32m  OK  [0m] Reached target Mounting snaps.
[[0;32m  OK  [0m] Reached target Mounted snaps.
[[0;32m  OK  [0m] Listening on Device-mapper event daemon FIFOs.
[[0;32m  OK  [0m] Created slice User and Session Slice.
[[0;32m  OK  [0m] Reached target Slices.
[[0;32m  OK  [0m] Set up automount Arbitrary Executabâ€¦rmats File System Automount Point.
[[0;32m  OK  [0m] Started Forward Password Requests to Wall Directory Watch.
[[0;32m  OK  [0m] Listening on fsck to fsckd communication Socket.
[[0;32m  OK  [0m] Listening on Journal Socket.
         Starting Set the console keyboard layout...
         Starting Journal Service...
         Mounting Huge Pages File System...
         Starting Monitoring of LVM2 mirrorsâ€¦ng dmeventd or progress polling...
         Starting Create list of required stâ€¦ce nodes for the current kernel...
         Starting Uncomplicated firewall...
         Starting Load Kernel Modules...
         Starting udev Coldplug all Devices...
         Starting File System Check on Root Device...
         Mounting Kernel Debug File System...
         Mounting POSIX Message Queue File System...
[[0;32m  OK  [0m] Started Journal Service.
[[0;32m  OK  [0m] Mounted Huge Pages File System.
[[0;32m  OK  [0m] Started Create list of required staâ€¦vice nodes for the current kernel.
[[    6.843755] Loading iSCSI transport class v2.0-870.
[0;32m  OK  [0m] Started Uncomplicated firewall.
[[0;32m  OK  [0m] Mounted Kernel Debug File System.
[[0;32m  OK  [0m] Mounted POSIX Message Queue File System.
         Starting Create Static Device Nodes in /dev...
[[0;32m  OK  [0m] Started File System Check Daemon to report status.
[[0;32m  OK  [0m] Started LVM2 metadata daemon.
[    6.919078] iscsi: registered transport (tcp)
[[0;32m  OK  [0m] Started udev Coldplug all Devices.
[[0;32m  OK  [0m] Started Create Static Device Nodes in /dev.
[[0;32m  OK  [0m] Started File System Check on Root Device.
         Starting Remount Root and Kernel File Systems...
[    7.002306] iscsi: registered transport (iser)
[[0;32m  OK  [0m] Started Load Kernel Modules.
[[0;32m  OK  [0m] Started Monitoring of LVM2 mirrors,â€¦sing dmeventd or progress polling.
         Starting Apply Kernel Variables...
         Mounting Kernel Configuration File System...
         Mounting FUSE Control File System...
[[0;32m  OK  [0m] Mounted Kernel Configuration File System.
[[0;32m  OK  [0m] Mounted FUSE Control File System.
[[0;32m  OK  [0m] Started Remount Root and Kernel File Systems.
[[0;32m  OK  [0m] Started Apply Kernel Variables.
         Starting Flush Journal to Persistent Storage...
         Starting udev Kernel Device Manager...
         Starting Load/Save Random Seed...
[[0;32m  OK  [0m] Started udev Kernel Device Manager.
[[0;32m  OK  [0m] Started Load/Save Random Seed.
[[0;32m  OK  [0m] Started Flush Journal to Persistent Storage.
[[0;32m  OK  [0m] Found device /dev/ttyS0.
[[0;32m  OK  [0m] Listening on Load/Save RF Kill Switch Status /dev/rfkill Watch.
[[0;32m  OK  [0m] Started Set the console keyboard layout.
[[0;32m  OK  [0m] Started Dispatch Password Requests to Console Directory Watch.
[[0;32m  OK  [0m] Reached target Local Encrypted Volumes.
[[0;32m  OK  [0m] Reached target Local File Systems (Pre).
[[0;32m  OK  [0m] Reached target Local File Systems.
         Starting Tell Plymouth To Write Out Runtime Data...
         Starting Commit a transient machine-id on disk...
         Starting AppArmor initialization...
         Starting Set console font and keymap...
         Starting ebtables ruleset management...
         Starting Create Volatile Files and Directories...
[[0;32m  OK  [0m] Started Tell Plymouth To Write Out Runtime Data.
[[0;32m  OK  [0m] Started Commit a transient machine-id on disk.
[[0;32m  OK  [0m] Started Create Volatile Files and Directories.
         Starting Update UTMP about System Boot/Shutdown...
[[0;32m  OK  [0m] Started Update UTMP about System Boot/Shutdown.
[[0;32m  OK  [0m] Started ebtables ruleset management.
         Mounting Arbitrary Executable File Formats File System...
[[0;32m  OK  [0m] Mounted Arbitrary Executable File Formats File System.
[[0;32m  OK  [0m] Started AppArmor initialization.
         Starting Initial cloud-init job (pre-networking)...
         Starting Load AppArmor profiles managed internally by snapd...
[[0;32m  OK  [0m] Started Load AppArmor profiles managed internally by snapd.
[[0;32m  OK  [0m] Started Set console font and keymap.
[   11.147502] cloud-init[759]: Cloud-init v. 23.1.2-0ubuntu0~18.04.1 running 'init-local' at Tue, 05 Nov 2024 15:40:16 +0000. Up 10.81 seconds.
[[0;32m  OK  [0m] Started Initial cloud-init job (pre-networking).
[[0;32m  OK  [0m] Reached target Network (Pre).
         Starting Network Service...
[[0;32m  OK  [0m] Started Network Service.
         Starting Network Name Resolution...
         Starting Wait for Network to be Configured...
[[0;32m  OK  [0m] Started Network Name Resolution.
[[0;32m  OK  [0m] Reached target Host and Network Name Lookups.
[[0;32m  OK  [0m] Reached target Network.
[[0;32m  OK  [0m] Started Wait for Network to be Configured.
         Starting Initial cloud-init job (metadata service crawler)...
[   13.270892] cloud-init[907]: Cloud-init v. 23.1.2-0ubuntu0~18.04.1 running 'init' at Tue, 05 Nov 2024 15:40:19 +0000. Up 13.17 seconds.
[   13.286648] cloud-init[907]: ci-info: ++++++++++++++++++++++++++++++++++++++Net device info+++++++++++++++++++++++++++++++++++++++
[   13.305428] cloud-init[907]: ci-info: +--------+-------+----------------------------+---------------+--------+-------------------+
[   13.324234] cloud-init[907]: ci-info: | Device |   Up  |          Address           |      Mask     | Scope  |     Hw-Address    |
[   13.336888] cloud-init[907]: ci-info: +--------+-------+----------------------------+---------------+--------+-------------------+
[   13.352200] cloud-init[907]: ci-info: | enp0s3 |  True |         10.0.2.15          | 255.255.255.0 | global | 02:3b:7b:b7:3b:2d |
[   13.357487] cloud-init[907]: ci-info: | enp0s3 |  True | fd00::3b:7bff:feb7:3b2d/64 |       .       | global | 02:3b:7b:b7:3b:2d |
[   13.372750] cloud-init[907]: ci-info: | enp0s3 |  True | fe80::3b:7bff:feb7:3b2d/64 |       .       |  link  | 02:3b:7b:b7:3b:2d |
[   13.381172] cloud-init[907]: ci-info: | enp0s8 | False |             .              |       .       |   .    | 08:00:27:57:ab:8c |
[   13.384080] cloud-init[907]: ci-info: |   lo   |  True |         127.0.0.1          |   255.0.0.0   |  host  |         .         |
[   13.391320] cloud-init[907]: ci-info: |   lo   |  True |          ::1/128           |       .       |  host  |         .         |
[   13.397836] cloud-init[907]: ci-info: +--------+-------+----------------------------+---------------+--------+-------------------+
[   13.403444] cloud-init[907]: ci-info: ++++++++++++++++++++++++++++Route IPv4 info+++++++++++++++++++++++++++++
[   13.410567] cloud-init[907]: ci-info: +-------+-------------+----------+-----------------+-----------+-------+
[   13.420273] cloud-init[907]: ci-info: | Route | Destination | Gateway  |     Genmask     | Interface | Flags |
[   13.427556] cloud-init[907]: ci-info: +-------+-------------+----------+-----------------+-----------+-------+
[   13.436838] cloud-init[907]: ci-info: |   0   |   0.0.0.0   | 10.0.2.2 |     0.0.0.0     |   enp0s3  |   UG  |
[   13.456603] cloud-init[907]: ci-info: |   1   |   10.0.2.0  | 0.0.0.0  |  255.255.255.0  |   enp0s3  |   U   |
[   13.469886] cloud-init[907]: ci-info: |   2   |   10.0.2.2  | 0.0.0.0  | 255.255.255.255 |   enp0s3  |   UH  |
[   13.489019] cloud-init[907]: ci-info: +-------+-------------+----------+-----------------+-----------+-------+
[   13.505878] cloud-init[907]: ci-info: +++++++++++++++++++Route IPv6 info+++++++++++++++++++
[   13.517063] cloud-init[907]: ci-info: +-------+-------------+---------+-----------+-------+
[   13.526139] cloud-init[907]: ci-info: | Route | Destination | Gateway | Interface | Flags |
[   13.530740] cloud-init[907]: ci-info: +-------+-------------+---------+-----------+-------+
[   13.533701] cloud-init[907]: ci-info: |   1   |  fd00::/64  |    ::   |   enp0s3  |   U   |
[   13.538340] cloud-init[907]: ci-info: |   2   |  fe80::/64  |    ::   |   enp0s3  |   U   |
[   13.542999] cloud-init[907]: ci-info: |   3   |     ::/0    | fe80::2 |   enp0s3  |   UG  |
[   13.549358] cloud-init[907]: ci-info: |   5   |    local    |    ::   |   enp0s3  |   U   |
[   13.554389] cloud-init[907]: ci-info: |   6   |   ff00::/8  |    ::   |   enp0s3  |   U   |
[   13.559125] cloud-init[907]: ci-info: +-------+-------------+---------+-----------+-------+
[   14.187822] cloud-init[907]: Generating public/private rsa key pair.
[   14.200672] cloud-init[907]: Your identification has been saved in /etc/ssh/ssh_host_rsa_key.
[   14.202963] cloud-init[907]: Your public key has been saved in /etc/ssh/ssh_host_rsa_key.pub.
[   14.221562] cloud-init[907]: The key fingerprint is:
[   14.232212] cloud-init[907]: SHA256:aUrXGkaLWeeGLrOr0+xdN5EksN5mhlEKt9x/xA5eTCs root@ubuntu-bionic
[[   14.252723] [0;32m  OK  [0mcloud-init[907]: The key's randomart image is:] Started Initial cloud-init job (metadata service crawler).
[[0;32m  OK  [0m] Reached target Network is Online.

[[0;32m  OK  [0m] Reached target Remote File Systems (Pre).[   14.268835] cloud-init[907]: +---[RSA 2048]----+
[   14.271585] 
[[0;32m  OK  [0m] Reached target Remote File Systems.
         Starting Availability of block devices...cloud-init[907]: |      . o .   .  |
[   14.279661] 
[[0;32m  OK  [0m] Reached target Cloud-config availability.
[[0;32m  OK  [0mcloud-init[907]: |       + B   + . |
[   14.286400] cloud-init[907]: |        O + E *  |] Reached target System Initialization.
[[0;32m  OK  [0m] Started Daily Cleanup of Temporary Directories.
[[0;32m  OK  [0m] Started Discard unused blocks once a week.
[
[   14.302697] cloud-init[907]: [0;32m  OK  [0m] Listening on Open-iSCSI iscsid Socket.
[[0;32m  OK  [0m] Started Daily apt download activities.|       * @ = B   |
[   14.312141] 
[[0;32m  OK  [0m] Listening on cloud-init hotplug hook socket.
[[0;32m  OK  [0mcloud-init[907]: |      + S O = o  |
[   14.319551] ] Started Message of the Day.
[[0;32m  OK  [0m] Listening on D-Bus System Message Bus Socket.
         cloud-init[907]: |     . * B   o   |
[   14.326966] cloud-init[907]: Starting Socket activation for snappy daemon.
[[0;32m  OK  [0m] Listening on UUID daemon activation socket.
|     o+ o . o    |
[   14.333727] cloud-init[907]: |    . o= . . .   |
[   14.336476] cloud-init[907]: |    .++..        |
[   14.338911] cloud-init[907]:          Starting LXD - unix socket.
[[0;32m  OK  [0m] Started Daily apt upgrade and clean activities.
[[0;32m  OK  [0m] Started ACPI Events Check.
+----[SHA256]-----+
[   14.355726] [[0;32m  OK  [0m] Reached target Paths.
[[0;32m  OK  [0m] cloud-init[907]: Generating public/private dsa key pair.
Started Ubuntu Advantage Timer for running repeated jobs.
[[0;32m  OK  [0m] Reached target Timers.
[[   14.369436] cloud-init[907]: Your identification has been saved in /etc/ssh/ssh_host_dsa_key.[0;32m  OK  [0m] Listening on ACPID Listen Socket.

[[0;32m  OK  [0m[   14.376370] cloud-init[907]: Your public key has been saved in /etc/ssh/ssh_host_dsa_key.pub.
[   14.379648] ] Started Availability of block devices.
[[0;32m  OK  [0m] Listening on Socket activation for snappy daemon.cloud-init
[[0;32m  OK  [0m] Listening on LXD - unix socket.
[[0;32m  OK  [0m] Reached target Sockets.
[[0;32m  OK  [0m] Reached target Basic System.
[907]: The key fingerprint is:
[[0;32m  OK  [0m] Started FUSE filesystem for LXC.
[   14.401181]          Starting Permit User Sessions...
cloud-init[907]: SHA256:rsKXtqewi5gxFZx63+W4ECwAyWsVNflVJzq/1qOcB9s root@ubuntu-bionic
[   14.407014] cloud-init[907]:          Starting LSB: automatic crash report generation...
[[0;32m  OK  [0m] Started Regular background program processing daemon.
         Starting System Logging Service...
The key's randomart image is:         Starting LSB: Record successful boot for GRUB...

[   14.433613] cloud-init[907]: +---[DSA 1024]----+
[   14.443275] cloud-init[907]: |o. .oo.   .o .   |
[   14.452991]          Starting Dispatcher daemon for systemd-networkd...
[[0;32m  OK  [0m] Started Deferred execution scheduler.
cloud-init[907]: |oo o ..  .. o    |         Starting Virtualbox guest utils...

[   14.481029] cloud-init[907]: |. *   . .o       |
[   14.487125] cloud-init[907]: | = o   .  o      |
[   14.495823] cloud-init[[0;32m  OK  [0m] Started irqbalance daemon.
         Starting Login Service...
[907]: |o + o   S  .     |
[   14.540625] cloud-init[907]: | o o o =   .o    |
[   14.556388] cloud-init[907]: |o  .+ o.o  o+o   |
[   14.571533] cloud-init[907]: | = .o++o. o.oE.  |
[   14.580000] cloud-init         Starting Snap Daemon...
         Starting LXD - container startup/shutdown...[907]: |o . o==+   +.    |

[[0;32m  OK  [0m] Reached target Login Prompts (Pre).
[   14.615892]          Starting Accounts Service...
cloud-init[[0;32m  OK  [0m] Started D-Bus System Message Bus.
[907]: +----[SHA256]-----+
[   14.633783] cloud-init[907]: Generating public/private ecdsa key pair.
[   14.655092] cloud-init[907]: Your identification has been saved in /etc/ssh/ssh_host_ecdsa_key.
[   14.675373] cloud-init[907]: Your public key has been saved in /etc/ssh/ssh_host_ecdsa_key.pub.
[   14.707720] cloud-init[907]: The key fingerprint is:
[   14.725898] cloud-init[907]: SHA256:/EuuB1YtRTLk97UvK+Gkej4Qcfa7FhDgioHnAe0jb94 root@ubuntu-bionic
[   14.739644] cloud-init[907]: The key's randomart image is:
[   14.748301] cloud-init[907]: +---[ECDSA 256]---+
[   14.754220] cloud-init[907]: |  ..    .o+..    |
[   14.761764] cloud-init[907]: |   o.  ...+o.    |
[   14.768562] cloud-init[907]: |  ..+   .+.=.   .|
[   14.775430] cloud-init[907]: |  .oo+ o. +.o. ..|
[   14.781850] cloud-init[907]: |   oo.. So o ... |
[   14.788566] cloud-init[907]: |    o   +.  =   .|
[   14.794989] cloud-init[907]: |   o . . oo+ +. .|
[   14.800607] cloud-init[907]: |    . E  o=.=  o |
[   14.810126] cloud-init[907]: |        o*+o ..  |
[   14.828968] cloud-init[907]: +----[SHA256]-----+
[   14.839692] cloud-init[907]: Generating public/private ed25519 key pair.
[   14.849158] cloud-init[907]: Your identification has been saved in /etc/ssh/ssh_host_ed25519_key.
[[0;32m  OK  [0m] Started Login Service.
[[0;32m  OK  [0m] Started Unattended Upgrades Shutdown.[   14.868597] cloud-init
         Starting Pollinate to seed the pseudo random number generator...[907]: 
[[0;32m  OK  [0m] Started System Logging Service.Your public key has been saved in /etc/ssh/ssh_host_ed25519_key.pub.
[[0;32m  OK  [0m] Started Permit User Sessions.

[   14.909804] cloud-init[907]: The key fingerprint is:
[   14.942799] cloud-init[907]: SHA256:VA6Vsz/4UqDnYCtDpMEDSM2AdtEcFw9VIyalSY1E7hA root@ubuntu-bionic
[   14.951365] cloud-init[907]: The key's randomart image is:
[   14.962376] cloud-init[907]: +--[ED25519 256]--+
[   14.975878] cloud-init[907]: |o++.+E+OB*++     |
[   15.026293] cloud-init[907]: |o..+ o=.B=+ .    |
[   15.035507] cloud-init[907]: |. .o . +...o     |
[   15.052310] cloud-init[907]: |    + +.  o      |
[   15.079655] cloud-init[907]: |     = .S. +     |
[[0;32m  OK  [0m] Started LSB: automatic crash report generation.
[   15.114023] cloud-init[907]: |    . . + o +    |
         Starting Authorization Manager...
         Starting Hostname Service...
         Starting Hold until boot process finishes up...
[   15.214115] cloud-init         Starting Terminate Plymouth Boot Screen...
[[0;32m  OK  [0m] Started LSB: Record successful boot for GRUB.
[907]: |     . . = o .   |
[[0;32m  OK  [0m] Started Terminate Plymouth Boot Screen.
[[0;32m  OK  [0m] Started Hold until boot process finishes up.
         Starting Set console scheme...[   15.252308] cloud-init[907]: |      o . o .    |
[[0;32m  OK  [0m] Started Serial Getty on ttyS0.

[[0;32m  OK  [0m] Started LXD - container startup/shutdown.
[   15.312171] [[0;32m  OK  [0m] Started Set console scheme.
[[0;32m  OK  [0m] Created slice system-getty.slice.
[[0;32m  OK  [0mcloud-init[907]: |       o   .     |
] Started Getty on tty1.
[[0;32m  OK  [0m] Reached target Login Prompts.
[   15.357040] cloud-init[907]: +----[SHA256]-----+
[[0;32m  OK  [0m] Started Authorization Manager.
[[0;32m  OK  [0m] Started Accounts Service.
[[0;32m  OK  [0m] Started Hostname Service.
[[0;32m  OK  [0m] Started Dispatcher daemon for systemd-networkd.
[[0;32m  OK  [0m] Started Virtualbox guest utils.
[[0;32m  OK  [0m] Started Snap Daemon.
         Starting Wait until snapd is fully seeded...
         Starting Time & Date Service...
[[0;32m  OK  [0m] Started Time & Date Service.
[[0;32m  OK  [0m] Started Pollinate to seed the pseudo random number generator.
         Starting OpenBSD Secure Shell server...
[[0;32m  OK  [0m] Started OpenBSD Secure Shell server.
[[0;32m  OK  [0m] Created slice User Slice of vagrant.
         Starting User Manager for UID 1000...
[[0;32m  OK  [0m] Started Session 1 of user vagrant.
[[0;32m  OK  [0m] Started User Manager for UID 1000.
[[0;32m  OK  [0m] Started Wait until snapd is fully seeded.
         Starting Apply the settings specified in cloud-config...

Ubuntu 18.04.6 LTS ubuntu-bionic ttyS0

ubuntu-bionic login: [   21.852164] cloud-init[1449]: Cloud-init v. 23.1.2-0ubuntu0~18.04.1 running 'modules:config' at Tue, 05 Nov 2024 15:40:26 +0000. Up 20.65 seconds.
ci-info: no authorized SSH keys fingerprints found for user ubuntu.
<14>Nov  5 15:40:28 cloud-init: #############################################################
<14>Nov  5 15:40:28 cloud-init: -----BEGIN SSH HOST KEY FINGERPRINTS-----
<14>Nov  5 15:40:28 cloud-init: 1024 SHA256:rsKXtqewi5gxFZx63+W4ECwAyWsVNflVJzq/1qOcB9s root@ubuntu-bionic (DSA)
<14>Nov  5 15:40:28 cloud-init: 256 SHA256:/EuuB1YtRTLk97UvK+Gkej4Qcfa7FhDgioHnAe0jb94 root@ubuntu-bionic (ECDSA)
<14>Nov  5 15:40:28 cloud-init: 256 SHA256:VA6Vsz/4UqDnYCtDpMEDSM2AdtEcFw9VIyalSY1E7hA root@ubuntu-bionic (ED25519)
<14>Nov  5 15:40:28 cloud-init: 2048 SHA256:aUrXGkaLWeeGLrOr0+xdN5EksN5mhlEKt9x/xA5eTCs root@ubuntu-bionic (RSA)
<14>Nov  5 15:40:28 cloud-init: -----END SSH HOST KEY FINGERPRINTS-----
<14>Nov  5 15:40:28 cloud-init: #############################################################
-----BEGIN SSH HOST KEY KEYS-----
ecdsa-sha2-nistp256 AAAAE2VjZHNhLXNoYTItbmlzdHAyNTYAAAAIbmlzdHAyNTYAAABBBFB1MA1bGM84G/lgh8oAoHNmW+sj0RxMDChGvY7nLVPHr1QBoPPYuR1Jf0scYiJmA3l0WYfvL8/ilFwT12qDQkc= root@ubuntu-bionic
ssh-ed25519 AAAAC3NzaC1lZDI1NTE5AAAAIPmBCwXHEiNHWWqjSA3RGk2wj+oXqiVt4Kdqk3o81C+O root@ubuntu-bionic
ssh-rsa AAAAB3NzaC1yc2EAAAADAQABAAABAQDJdWxPo9DemAUF2Uw6SIvkHWpb+bh78mCluy3WPEk9fH+9QNZq7nt+3uc61LbNKTWxGsYc8SyQa83+wY1CcBf828i4E0gBOOCyVztkFDYCNqZaY79rYqS5pysYZ6+AvcIGCXsksIk1RU9dEqodgCNVTmB4Wbj/qm9Tiuc+BzpidE7a4lVvD9+/lwUrKJYoiz6J0yzRnPwEsevxpwWE+d3x4fDplgnhmvfWOQgielbsqbMaAEY/jCTkiT/NLWkSXNbArLTGPMX+946y8+7XyWjLiSrTsyfCQyWLQwmqRIZVut7A7kfZoGwJ7ZFEzCNoPHHd3ZfngpsgMWmrciJN2NLj root@ubuntu-bionic
-----END SSH HOST KEY KEYS-----
[   22.846962] cloud-init[1615]: Cloud-init v. 23.1.2-0ubuntu0~18.04.1 running 'modules:final' at Tue, 05 Nov 2024 15:40:28 +0000. Up 22.50 seconds.
[   22.864708] cloud-init[1615]: Cloud-init v. 23.1.2-0ubuntu0~18.04.1 finished at Tue, 05 Nov 2024 15:40:28 +0000. Datasource DataSourceNoCloud [seed=/dev/sdb][dsmode=net].  Up 22.83 seconds
